∫(3*x^3 - 4*x^2 + 3*x)//(x^2 + 1)dx = 3//2*x^2 - 4*x + 4*atan(x)
expected: -4*x+3/2*x^2+4*atan(x)
--------------------------------------------------------------------
∫(3*x + 5)//(x^3 - x^2 - x + 1)dx = -4//(x - 1) - 1//2*log(-x + 1) + 1//2*log(x + 1)
expected: 4/(1-x)+atanh(x)
--------------------------------------------------------------------
∫(x^4 - x^3 - x - 1)//(x^3 - x^2)dx = 1//2*x^2 - 1//x - 2*log(-x + 1) + 2*log(x)
expected: (-1)/x+1/2*x^2-2*log(1-x)+2*log(x)
--------------------------------------------------------------------
∫(x^3 + x^2 + x + 2)//(x^4 + 3*x^2 + 2)dx = atan(x) + 1//2*log(x^2 + 2)
expected: atan(x)+1/2*log(2+x^2)
--------------------------------------------------------------------
∫(x^5 - x^4 + 4*x^3 - 4*x^2 + 8*x - 4)//(x^6 + 6*x^4 + 12*x^2 + 8)dx = -1//(x^4 + 4*x^2 + 4) + 1//2*log(x^2 + 2) + (Root 0.707107 of 2x^2 - 1)*atan((Root -0.707107 of 2x^2 - 1)*x)
expected: (-1)/(2+x^2)^2+1/2*log(2+x^2)-atan(x/sqrt(2))/sqrt(2)
--------------------------------------------------------------------
∫(x^2 - 3*x - 1)//(x^3 + x^2 - 2*x)dx = 1//2*log(x) - log(-x + 1) + 3//2*log(x + 2)
expected: -log(1-x)+1/2*log(x)+3/2*log(2+x)
--------------------------------------------------------------------
∫(x^4 - 2*x^3 + 3*x^2 - x + 3)//(x^3 - 2*x^2 + 3*x)dx = 1//2*x^2 + log(x) - 1//2*log(x^2 - 2*x + 3)
expected: 1/2*x^2+log(x)-1/2*log(3-2*x+x^2)
--------------------------------------------------------------------
∫(x^3 + x - 1)//(x^4 + 2*x^2 + 1)dx = (-1//2*x)//(x^2 + 1) + 1//2*log(x^2 + 1) + 1//2*atan(-x)
expected: -1/2*x/(1+x^2)-1/2*atan(x)+1/2*log(1+x^2)
--------------------------------------------------------------------
∫(x^4 + 8*x^3 - x^2 + 2*x + 1)//(x^5 + x^4 + x^2 + x)dx = -3//(x + 1) + log(x) - 2*log(x + 1) + log(x^2 - x + 1) + (Root 1.15470 of 3x^2 - 4)*atan((Root 1.15470 of 3x^2 - 4)*x + (Root -0.577350 of 3x^2 - 1))
expected: (-3)/(1+x)+log(x)-2*log(1+x)+log(1-x+x^2)-2*atan((1-2*x)/sqrt(3))/sqrt(3)
--------------------------------------------------------------------
∫(x^3 + x^2 - 5*x + 15)//(x^4 + 2*x^3 + 8*x^2 + 10*x + 15)dx = 1//2*log(x^2 + 2*x + 3) + (Root 3.53553 of 2x^2 - 25)*atan((Root 0.707107 of 2x^2 - 1)*x + (Root 0.707107 of 2x^2 - 1)) + (Root 2.23607 of x^2 - 5)*atan((Root -0.447214 of 5x^2 - 1)*x)
expected: 1/2*log(3+2*x+x^2)+5*atan((1+x)/sqrt(2))/sqrt(2)-atan(x/sqrt(5))*sqrt(5)
--------------------------------------------------------------------
∫(x^6 + 7*x^5 + 15*x^4 + 32*x^3 + 23*x^2 + 25*x - 3)//(x^8 + 2*x^7 + 7*x^6 + 8*x^5 + 15*x^4 + 10*x^3 + 13*x^2 + 4*x + 4)dx = (-2*x^2 - 3*x - 5)//(x^4 + x^3 + 3*x^2 + x + 2) + log(x^2 + 1) - log(x^2 + x + 2)
expected: (-3)/(1+x^2)+1/(2+x+x^2)+log(1+x^2)-log(2+x+x^2)
--------------------------------------------------------------------
∫1//(x^4 + 5*x^2 + 4)dx = 1//6*atan(-1//2*x) + 1//3*atan(x)
expected: -1/6*atan(1/2*x)+1/3*atan(x)
--------------------------------------------------------------------
∫(x^2 + x)//(x^3 + 4*x^2 - 4*x - 16)dx = -1//4*log(x + 2) + log(x + 4) + 1//4*log(-x + 2)
expected: -1/2*atanh(1/2*x)+log(4+x)
--------------------------------------------------------------------
∫(x^2 + 4)//(x^4 + 3*x^2 + 2)dx = (Root 1.41421 of x^2 - 2)*atan((Root -0.707107 of 2x^2 - 1)*x) + 3*atan(x)
expected: 3*atan(x)-atan(x/sqrt(2))*sqrt(2)
--------------------------------------------------------------------
∫(x^4 + 3*x^2 - 4*x + 5)//(x^4 - 2*x^3 + 2*x^2 - 2*x + 1)dx = x - 5//2//(x - 1) + 1//2*log(-x + 1) + 3//4*log(x^2 + 1) + 2*atan(x)
expected: 5/2/(1-x)+x+2*atan(x)+1/2*log(1-x)+3/4*log(1+x^2)
--------------------------------------------------------------------
∫(x^4 + 1)//(x^2 + 2)dx = 1//3*x^3 - 2*x + (Root 3.53553 of 2x^2 - 25)*atan((Root 0.707107 of 2x^2 - 1)*x)
expected: -2*x+1/3*x^3+5*atan(x/sqrt(2))/sqrt(2)
--------------------------------------------------------------------
∫(x^4 + 2*x + 2)//(x^5 + x^4)dx = -2//3//x^3 + log(x + 1)
expected: (-2/3)/x^3+log(1+x)
--------------------------------------------------------------------
∫(2*x^2 - 5*x - 1)//(x^3 - 2*x^2 - x + 2)dx = log(x + 1) + 2*log(-x + 1) - log(-x + 2)
expected: 2*log(1-x)-log(2-x)+log(1+x)
--------------------------------------------------------------------
∫(x^3 + x + 2)//(x^4 + 2*x^2 + 1)dx = x//(x^2 + 1) + 1//2*log(x^2 + 1) + atan(x)
expected: x/(1+x^2)+atan(x)+1/2*log(1+x^2)
--------------------------------------------------------------------
∫(x^3 + x^2 + 2*x + 1)//(x^4 + 2*x^2 + 1)dx = -1//2//(x^2 + 1) + 1//2*log(x^2 + 1) + atan(x)
expected: (-1/2)/(1+x^2)+atan(x)+1/2*log(1+x^2)
--------------------------------------------------------------------
∫(4*x + 3)//(x^4 + 3*x^2 + 2)dx = 2*log(x^2 + 1) + 3*atan(x) - 2*log(x^2 + 2) + (Root 2.12132 of 2x^2 - 9)*atan((Root -0.707107 of 2x^2 - 1)*x)
expected: 3*atan(x)+2*log(1+x^2)-2*log(2+x^2)-3*atan(x/sqrt(2))/sqrt(2)
--------------------------------------------------------------------
∫(x + 2)//(x^4 + 5*x^2 + 4)dx = 1//6*log(x^2 + 1) + 2//3*atan(x) - 1//6*log(x^2 + 4) + 1//3*atan(-1//2*x)
expected: -1/3*atan(1/2*x)+2/3*atan(x)+1/6*log(1+x^2)-1/6*log(4+x^2)
--------------------------------------------------------------------
∫(x^3 - x + 2)//(x^2 - 6*x - 7)dx = 1//2*x^2 + 6*x - 1//4*log(x + 1) + 169//4*log(-x + 7)
expected: 6*x+1/2*x^2+169/4*log(7-x)-1/4*log(1+x)
--------------------------------------------------------------------
∫(x^4 + x^3 + x^2 + x + 1)//(x + 1)dx = 1//4*x^4 + 1//2*x^2 + log(x + 1)
expected: 1/2*x^2+1/4*x^4+log(1+x)
--------------------------------------------------------------------
∫(x^3 - x^2 + 2*x + 5)//(x^2 + x + 1)dx = 1//2*x^2 - 2*x + 3//2*log(x^2 + x + 1) + (Root 6.35085 of 3x^2 - 121)*atan((Root 1.15470 of 3x^2 - 4)*x + (Root 0.577350 of 3x^2 - 1))
expected: -2*x+1/2*x^2+3/2*log(1+x+x^2)+11*atan((1+2*x)/sqrt(3))/sqrt(3)
--------------------------------------------------------------------
∫(1//2*x^4 - x^3 + 1//2*x - 3//2)//(x^2 - 4*x + 5)dx = 1//6*x^3 + 1//2*x^2 + 3//2*x + 3//4*log(x^2 - 4*x + 5) + 6*atan(-x + 2)
expected: 3/2*x+1/2*x^2+1/6*x^3+6*atan(2-x)+3/4*log(5-4*x+x^2)
--------------------------------------------------------------------
∫(x^3 + 3*x^2 + 2*x + 1)//(x^3 - 6*x^2 + 11*x - 6)dx = x + 61//2*log(-x + 3) + 7//2*log(-x + 1) - 25*log(-x + 2)
expected: x+7/2*log(1-x)-25*log(2-x)+61/2*log(3-x)
--------------------------------------------------------------------
∫(x^4 - x^3 + x^2 - 7*x + 2)//(x^3 + x^2 - 14*x - 24)dx = 1//2*x^2 - 2*x + 20*log(x + 3) - 22//3*log(x + 2) + 13//3*log(-x + 4)
expected: -2*x+1/2*x^2+13/3*log(4-x)-22/3*log(2+x)+20*log(3+x)
--------------------------------------------------------------------
∫(x^2 + 2)//(x^4 - x^3 - x^2 + x)dx = -3//2//(x - 1) + 2*log(x) - 3//4*log(x + 1) - 5//4*log(-x + 1)
expected: 3/2/(1-x)-5/4*log(1-x)+2*log(x)-3/4*log(1+x)
--------------------------------------------------------------------
∫(x^3 + x^2 + 3)//(x^4 + 4*x^2 + 4)dx = (1//4*x + 1)//(x^2 + 2) + 1//2*log(x^2 + 2) + (Root 0.883883 of 32x^2 - 25)*atan((Root 0.707107 of 2x^2 - 1)*x)
expected: 1/4*(4+x)/(2+x^2)+1/2*log(2+x^2)+5/4*atan(x/sqrt(2))/sqrt(2)
--------------------------------------------------------------------
∫(2*x^3 - 4*x^2 + 70*x - 35)//(x^4 - 12*x^3 + 63*x^2 - 222*x + 442)dx = 1003//1025*log(x^2 - 10*x + 26) + 15033//1025*atan(x - 5) + 22//1025*log(x^2 - 2*x + 17) + 4607//4100*atan(-1//4*x + 1//4)
expected: -15033/1025*atan(5-x)-4607/4100*atan(1/4*(-1+x))+1003/1025*log(26-10*x+x^2)+22/1025*log(17-2*x+x^2)
--------------------------------------------------------------------
∫(x^2 + 2)//(x^3 - 4*x^2 - 17*x + 60)dx = 2//7*log(x + 4) - 11//14*log(-x + 3) + 3//2*log(-x + 5)
expected: -11/14*log(3-x)+3/2*log(5-x)+2/7*log(4+x)
--------------------------------------------------------------------
∫x^4//(x^3 - x^2 + 2*x - 2)dx = 1//2*x^2 + x + 1//3*log(-x + 1) - 2//3*log(x^2 + 2) + (Root 0.942809 of 9x^2 - 8)*atan((Root -0.707107 of 2x^2 - 1)*x)
expected: x+1/2*x^2+1/3*log(1-x)-2/3*log(2+x^2)-2/3*atan(x/sqrt(2))*sqrt(2)
--------------------------------------------------------------------
∫(2*x^2 + 7*x - 1)//(x^3 + x^2 - x - 1)dx = -3//(x + 1) + 2*log(-x + 1)
expected: (-3)/(1+x)+2*log(1-x)
--------------------------------------------------------------------
∫(2*x + 1)//(x^3 - 3*x^2 + 3*x - 1)dx = (-2*x + 1//2)//(x^2 - 2*x + 1)
expected: (-3/2)/(1-x)^2+2/(1-x)
--------------------------------------------------------------------
∫(x^3 + 7*x^2 - 5*x + 5)//(x^5 + x^4 - 2*x^3 - 2*x^2 + x + 1)dx = (-x^2 - 4*x + 1)//(x^3 + x^2 - x - 1)
expected: 1/(1-x)+(-2)/(1+x)^2
--------------------------------------------------------------------
∫(3*x^2 + 3*x + 1)//(x^3 + 2*x^2 + 2*x + 1)dx = log(x + 1) + log(x^2 + x + 1) + (Root 1.15470 of 3x^2 - 4)*atan((Root -1.15470 of 3x^2 - 4)*x + (Root -0.577350 of 3x^2 - 1))
expected: log(1+x)+log(1+x+x^2)-2*atan((1+2*x)/sqrt(3))/sqrt(3)
--------------------------------------------------------------------
∫(1//2*x^2 + x - 1//2)//(x^3 + 3//2*x^2 - x)dx = 1//10*log(-x + 1//2) - 1//10*log(x + 2) + 1//2*log(x)
expected: 1/10*log(1-2*x)+1/2*log(x)-1/10*log(2+x)
--------------------------------------------------------------------
∫(x^4 - 2*x^2 + 4*x + 1)//(x^3 - x^2 - x + 1)dx = 1//2*x^2 + x - 2//(x - 1) + log(-x + 1) - log(x + 1)
expected: 2/(1-x)+x+1/2*x^2+log(1-x)-log(1+x)
--------------------------------------------------------------------
∫(2*x^2 - x + 4)//(x^3 + 4*x)dx = log(x) + 1//2*log(x^2 + 4) + 1//2*atan(-1//2*x)
expected: -1/2*atan(1/2*x)+log(x)+1/2*log(4+x^2)
--------------------------------------------------------------------
∫(x^3 + x^2 + 1)//(x^10 + 3*x^8 - x^7 + 3*x^6 - 3*x^5 + x^4 - 3*x^3 - x)dx = (9//16*x^3 - 3//8*x^2 + 11//16*x - 1//4)//(x^4 + 2*x^2 + 1) + 1//8*log(-x + 1) - log(x) + 15//16*log(x^2 + 1) + 7//16*atan(x) - 1//2*log(x^2 + x + 1) + (Root 0.577350 of 3x^2 - 1)*atan((Root -1.15470 of 3x^2 - 4)*x + (Root -0.577350 of 3x^2 - 1))
expected: 1/8*(1+x)/(1+x^2)^2-3/8*(1-x)/(1+x^2)+3/16*x/(1+x^2)+7/16*atan(x)+1/8*log(1-x)-log(x)+15/16*log(1+x^2)-1/2*log(1+x+x^2)-atan((1+2*x)/sqrt(3))/sqrt(3)
--------------------------------------------------------------------
∫(-x^3 + 2*x^2 - 3*x + 1)//(x^4 + 2*x^2 + 1)dx = (-1//2*x + 1)//(x^2 + 1) - 1//2*log(x^2 + 1) + 3//2*atan(x)
expected: 1/2*(2-x)/(1+x^2)+3/2*atan(x)-1/2*log(1+x^2)
--------------------------------------------------------------------
∫(-x^3 + 2*x^2 - 3*x + 1)//(x^5 + 2*x^3 + x)dx = (-x - 1//2)//(x^2 + 1) + log(x) - 1//2*log(x^2 + 1) + 2*atan(-x)
expected: 1/2*(-1-2*x)/(1+x^2)-2*atan(x)+log(x)-1/2*log(1+x^2)
--------------------------------------------------------------------
∫(x^4 + x^3 - x^2 - x + 1)//(x^3 - x)dx = 1//2*x^2 + x - log(x) + 1//2*log(-x^2 + 1)
expected: x+1/2*x^2-log(x)+1/2*log(1-x^2)
--------------------------------------------------------------------
∫(x^3 - 4*x^2 + 2)//(x^4 + 3*x^2 + 2)dx = log(x^2 + 2) + (Root 7.07107 of x^2 - 50)*atan((Root -0.707107 of 2x^2 - 1)*x) - 1//2*log(x^2 + 1) + 6*atan(x)
expected: 6*atan(x)-1/2*log(1+x^2)+log(2+x^2)-5*atan(x/sqrt(2))*sqrt(2)
--------------------------------------------------------------------
∫(x^4 + x^2 + 1)//(x^6 + 9*x^4 + 24*x^2 + 16)dx = (-13//24*x)//(x^2 + 4) + 1//9*atan(x) + 25//144*atan(1//2*x)
expected: -13/24*x/(4+x^2)+25/144*atan(1/2*x)+1/9*atan(x)
--------------------------------------------------------------------
∫(x^3 + x^2 + 1)//(x^4 + x^3 + 2*x^2)dx = -1//2//x - 1//4*log(x) + 5//8*log(x^2 + x + 2) + (Root 0.0944911 of 112x^2 - 1)*atan((Root 0.755929 of 7x^2 - 4)*x + (Root 0.377964 of 7x^2 - 1))
expected: (-1/2)/x-1/4*log(x)+5/8*log(2+x+x^2)+1/4*atan((1+2*x)/sqrt(7))/sqrt(7)
--------------------------------------------------------------------
∫(x^3 + x^2 - 12*x + 1)//(x^2 + x - 12)dx = 1//2*x^2 + 1//7*log(-x + 3) - 1//7*log(x + 4)
expected: 1/2*x^2-2/7*atanh(1/7*(1+2*x)),1/2*x^2+1/7*log(3-x)-1/7*log(4+x)
--------------------------------------------------------------------
∫(6*x^2 + 5*x - 3)//(x^3 + 2*x^2 - 3*x)dx = 3*log(x + 3) + log(x) + 2*log(-x + 1)
expected: 2*log(1-x)+log(x)+3*log(3+x)
--------------------------------------------------------------------
∫(5*x^2 + 3*x - 2)//(x^3 + 2*x^2)dx = 1//x + 3*log(x + 2) + 2*log(x)
expected: 1/x+2*log(x)+3*log(2+x)
--------------------------------------------------------------------
∫(-4*x^2 - 2*x + 18)//(x^3 + 4*x^2 + x - 6)dx = -2*log(x + 2) + log(-x + 1) - 3*log(x + 3)
expected: log(1-x)-2*log(2+x)-3*log(3+x)
--------------------------------------------------------------------
∫(x^3 - 2*x^2 + x + 1)//(x^4 + 5*x^2 + 4)dx = 1//2*log(x^2 + 4) + 3//2*atan(-1//2*x) + atan(x)
expected: -3/2*atan(1/2*x)+atan(x)+1/2*log(4+x^2)
--------------------------------------------------------------------
∫(2//15*x^3 - 9//10*x^2 + 1//6*x - 16//15)//(x^5 - 13//30*x^4 + 5//3*x^3 - 143//15*x^2 - 299//30*x - 7//3)dx = 4822//4879*log(x + 2//5) - 3146//80155*log(-x + 7//3) - 334//323*log(x + 1//2) + 11049//260015*log(x^2 + x + 5) + (Root 0.0668549 of 3558305275x^2 - 15904144)*atan((Root 0.458831 of 19x^2 - 4)*x + (Root 0.229416 of 19x^2 - 1))
expected: -3146/80155*log(7-3*x)-334/323*log(1+2*x)+4822/4879*log(2+5*x)+11049/260015*log(5+x+x^2)+3988/13685*atan((1+2*x)/sqrt(19))/sqrt(19)
--------------------------------------------------------------------
∫(3//25*x^5 - 7//100*x^3 - 13//100*x^2 + 2//25)//(x^6 - 4//5*x^5 + 29//25*x^4 - 4//5*x^3 + 41//100*x^2 - 1//5*x + 1//25)dx = (-18229//60500*x^2 - 17//440*x - 1277//60500)//(x^3 - 2//5*x^2 + 1//2*x - 1//5) - 59096//99825*log(-x + 2//5) + 2843//7986*log(x^2 + 1//2) + (Root 0.0445373 of 127552392x^2 - 253009)*atan((Root 1.41421 of x^2 - 2)*x)
expected: 5828/9075/(2-5*x)+1/1452*(-313-502*x)/(1+2*x^2)-59096/99825*log(2-5*x)+2843/7986*log(1+2*x^2)+503/7986*atan(x*sqrt(2))/sqrt(2),5828/9075/(2-5*x)+1/1452*(-313-502*x)/(1+2*x^2)-59096/99825*log(2-5*x)+2843/7986*log(1+2*x^2)-251/726*atan(x*sqrt(2))/sqrt(2)+272/1331*atan(x*sqrt(2))*sqrt(2)
--------------------------------------------------------------------
∫(x^4 + 9)//(x^4 + 9*x^2)dx = x - 1//x + 10//3*atan(-1//3*x)
expected: (-1)/x+x-10/3*atan(1/3*x)
--------------------------------------------------------------------
∫(x^4 + 2*x)//(x^2 + 1)dx = 1//3*x^3 - x + log(x^2 + 1) + atan(x)
expected: -x+1/3*x^3+atan(x)+log(1+x^2)
--------------------------------------------------------------------
∫(x^2 + x)//(x^3 - x^2 + x - 1)dx = log(-x + 1) + atan(x)
expected: atan(x)+log(1-x)
--------------------------------------------------------------------
∫(2*x^3 + 3*x^2 + 5*x + 2)//(x^2 + x + 1)dx = x^2 + x + log(x^2 + x + 1)
expected: x+x^2+log(1+x+x^2)
--------------------------------------------------------------------
∫(3*x^3 - 5*x^2 - 4*x + 3)//(x^5 + x^4 - x^3)dx = (-x + 3//2)//x^2 + (Root 3.00000 of x - 3)*log(x) + (Root -1.27639 of 5x^2 + 15x + 11)*log((Root -1.00000 of x + 1)*x + (Root 0.618034 of x^2 + x - 1)) + (Root -1.72361 of 5x^2 + 15x + 11)*log(x + (Root 1.61803 of x^2 - x - 1))
expected: 3/2/x^2+(-1)/x+3*log(x)-1/10*log(1+2*x-sqrt(5))*(15-sqrt(5))-1/10*log(1+2*x+sqrt(5))*(15+sqrt(5))
--------------------------------------------------------------------
∫(2*x^3 + 5*x^2 + 8*x + 4)//(x^4 + 4*x^3 + 8*x^2 + 8*x + 4)dx = -1//(x^2 + 2*x + 2) + log(x^2 + 2*x + 2) + atan(-x - 1)
expected: (-1)/(2+2*x+x^2)-atan(1+x)+log(2+2*x+x^2)
--------------------------------------------------------------------
∫(x^8 - 4*x^7 + 6*x^6 - 4*x^5 + x^4)//(x^2 + 1)dx = 1//7*x^7 - 2//3*x^6 + x^5 - 4//3*x^3 + 4*x + 4*atan(-x)
expected: 4*x-4/3*x^3+x^5-2/3*x^6+1/7*x^7-4*atan(x)
--------------------------------------------------------------------
∫(4*x^2 - 20*x)//(x^4 - 10*x^2 + 9)dx = -2*log(x + 3) + log(-x + 1) - 1//2*log(-x + 3) + 3//2*log(x + 1)
expected: log(1-x)-1/2*log(3-x)+3/2*log(1+x)-2*log(3+x)
--------------------------------------------------------------------
∫(4*x^3 + x - 1)//(x^5 - x^4 + x^3 - x^2)dx = -1//x + 2*log(-x + 1) - log(x^2 + 1) + atan(x)
expected: (-1)/x+atan(x)+2*log(1-x)-log(1+x^2)
--------------------------------------------------------------------
∫(x^4 - 4*x^3 + 2*x^2 - 3*x + 1)//(x^6 + 3*x^4 + 3*x^2 + 1)dx = (2*x^2 + 7//4)//(x^4 + 2*x^2 + 1) + atan(x)
expected: (-1/4)/(1+x^2)^2+2/(1+x^2)+atan(x)
--------------------------------------------------------------------
∫(x^4 - 4*x^3 + 2*x^2 - 3*x + 1)//(x^6 + 3*x^4 + 3*x^2 + 1)dx = (2*x^2 + 7//4)//(x^4 + 2*x^2 + 1) + atan(x)
expected: (-1/4)/(1+x^2)^2+2/(1+x^2)+atan(x)
--------------------------------------------------------------------
∫(2*x^3 + 2*x^2 + x + 1)//(x^4 + x^3 + x^2)dx = -1//x + log(x^2 + x + 1)
expected: (-1)/x+log(1+x+x^2)
--------------------------------------------------------------------
